Battery monitor | start 2026-08-18 12:11:53
Log interval: 60 s | no load emulation
Output: /home/dima/dev/wdm/battery-test/monitor/20260818-121153
Stop: Ctrl+C or kill 392840

[2026-08-18 12:11:53] charge 94% (Discharging) cpu 1.2%, ETA ~3.2 h
[2026-08-18 12:18:46] charge 92% (Discharging) cpu 1.3%, ETA ~6.7 h
Battery monitor | start 2026-08-18 12:22:09
Log interval: 60 s | no load emulation
Output: /home/dima/dev/wdm/battery-test/monitor/20260818-122209
Stop: Ctrl+C or kill 394033

[2026-08-18 12:22:09] charge 91% (Discharging) cpu 0.9%, ETA ~5.3 h
[2026-08-18 12:23:09] charge 91% (Discharging) cpu 3.9%, ETA ~5.9 h
[2026-08-18 12:24:09] charge 91% (Discharging) cpu 3.5%, ETA ~6.0 h
[2026-08-18 12:25:09] charge 91% (Charging) cpu 3.4%
Battery monitor | start 2026-08-18 13:09:28
Log interval: 60 s | no load emulation
Output: /home/dima/dev/wdm/battery-test/monitor/20260818-130928
Stop: Ctrl+C or kill 399929

[2026-08-18 13:09:28] charge 100% (Charging) cpu 0.9%
[2026-08-18 13:10:28] charge 100% (Discharging) cpu 7.4%, ETA ~7.7 h
[2026-08-18 13:11:28] charge 100% (Discharging) cpu 2.2%, ETA ~6.6 h
[2026-08-18 13:12:28] charge 100% (Discharging) cpu 3.0%, ETA ~6.5 h
[2026-08-18 13:13:28] charge 99% (Discharging) cpu 1.4%, ETA ~6.7 h
[2026-08-18 13:14:28] charge 99% (Discharging) cpu 2.5%, ETA ~7.2 h
[2026-08-18 13:15:28] charge 99% (Discharging) cpu 1.8%, ETA ~7.0 h
[2026-08-18 13:16:28] charge 99% (Discharging) cpu 2.2%, ETA ~7.9 h
[2026-08-18 13:17:28] charge 99% (Discharging) cpu 1.2%, ETA ~7.6 h
[2026-08-18 13:18:28] charge 98% (Discharging) cpu 1.3%, ETA ~8.5 h
[2026-08-18 13:19:28] charge 98% (Discharging) cpu 1.3%, ETA ~8.8 h
[2026-08-18 13:20:28] charge 98% (Discharging) cpu 1.5%, ETA ~8.8 h
[2026-08-18 13:21:28] charge 98% (Discharging) cpu 2.2%, ETA ~8.7 h
[2026-08-18 13:22:28] charge 98% (Discharging) cpu 1.8%, ETA ~8.6 h
[2026-08-18 13:23:28] charge 97% (Discharging) cpu 2.5%, ETA ~6.8 h
[2026-08-18 13:24:28] charge 97% (Discharging) cpu 1.6%, ETA ~6.0 h
[2026-08-18 13:25:28] charge 97% (Discharging) cpu 2.3%, ETA ~5.8 h
[2026-08-18 13:26:28] charge 97% (Discharging) cpu 5.2%, ETA ~6.2 h
[2026-08-18 13:27:29] charge 96% (Discharging) cpu 1.0%, ETA ~7.0 h
[2026-08-18 13:28:29] charge 96% (Discharging) cpu 2.6%, ETA ~8.2 h
[2026-08-18 13:29:29] charge 96% (Discharging) cpu 2.7%, ETA ~7.0 h
[2026-08-18 13:30:29] charge 96% (Discharging) cpu 3.5%, ETA ~6.4 h
[2026-08-18 13:31:29] charge 96% (Discharging) cpu 3.1%, ETA ~5.9 h
[2026-08-18 13:32:29] charge 95% (Discharging) cpu 2.1%, ETA ~6.6 h
[2026-08-18 13:33:29] charge 95% (Discharging) cpu 1.7%, ETA ~6.3 h
[2026-08-18 13:34:29] charge 95% (Discharging) cpu 1.0%, ETA ~6.2 h
[2026-08-18 13:35:29] charge 95% (Discharging) cpu 2.2%, ETA ~7.2 h
[2026-08-18 13:36:29] charge 94% (Discharging) cpu 2.8%, ETA ~6.4 h
[2026-08-18 13:37:29] charge 94% (Discharging) cpu 2.4%, ETA ~5.8 h
[2026-08-18 13:38:29] charge 94% (Discharging) cpu 2.1%, ETA ~5.6 h
[2026-08-18 13:39:29] charge 94% (Discharging) cpu 1.0%, ETA ~6.1 h
[2026-08-18 13:40:29] charge 93% (Discharging) cpu 0.8%, ETA ~7.4 h
[2026-08-18 13:41:29] charge 93% (Discharging) cpu 0.7%, ETA ~8.2 h
[2026-08-18 13:42:29] charge 93% (Discharging) cpu 0.8%, ETA ~8.6 h
[2026-08-18 13:43:29] charge 93% (Discharging) cpu 0.8%, ETA ~7.6 h
[2026-08-18 13:44:29] charge 93% (Discharging) cpu 3.3%, ETA ~6.8 h
[2026-08-18 13:45:29] charge 92% (Discharging) cpu 0.8%, ETA ~7.6 h
[2026-08-18 13:46:30] charge 92% (Discharging) cpu 1.8%, ETA ~6.5 h
[2026-08-18 13:47:30] charge 92% (Discharging) cpu 1.8%, ETA ~6.3 h
[2026-08-18 13:48:30] charge 92% (Discharging) cpu 1.2%, ETA ~5.5 h
[2026-08-18 13:49:30] charge 91% (Discharging) cpu 1.4%, ETA ~5.6 h
[2026-08-18 13:50:30] charge 91% (Discharging) cpu 1.4%, ETA ~6.5 h
[2026-08-18 13:51:30] charge 91% (Discharging) cpu 0.9%, ETA ~7.1 h
[2026-08-18 13:52:30] charge 91% (Discharging) cpu 1.4%, ETA ~6.7 h
[2026-08-18 13:53:30] charge 90% (Discharging) cpu 3.7%, ETA ~6.6 h
[2026-08-18 13:54:30] charge 90% (Discharging) cpu 1.7%, ETA ~6.0 h
[2026-08-18 13:55:30] charge 90% (Discharging) cpu 3.5%, ETA ~5.3 h
[2026-08-18 13:56:30] charge 90% (Discharging) cpu 1.8%, ETA ~5.1 h
[2026-08-18 13:57:30] charge 89% (Discharging) cpu 1.9%, ETA ~5.3 h
